// Jest Snapshot v1, https://goo.gl/fbAQLP

exports[`Title component Snapshot testing 1`] = `"<h1 class=\\"sc-AykKC fdPqkt\\">children</h1>"`;
